
> tmp_init@0.1.0 build
> next build

  Γû▓ Next.js 14.2.35
  - Environments: .env.local

   Creating an optimized production build ...
 Γ£ô Compiled successfully
   Linting and checking validity of types ...
node.exe : 
At line:1 char:1
+ & "C:\Program Files\nodejs/node.exe" "C:\Program 
Files\nodejs/node_mo ...
+ ~~~~~~~~~~~~~~~~~~~~~~~~~~~~~~~~~~~~~~~~~~~~~~~~~~~~~
~~~~~~~~~~~~~~~~
    + CategoryInfo          : NotSpecified: (:String)  
   [], RemoteException
    + FullyQualifiedErrorId : NativeCommandError
 
Failed to compile.

./app/actions.ts
47:21  Error: Unexpected any. Specify a different 
type.  @typescript-eslint/no-explicit-any
88:21  Error: Unexpected any. Specify a different 
type.  @typescript-eslint/no-explicit-any
167:21  Error: Unexpected any. Specify a different 
type.  @typescript-eslint/no-explicit-any

./app/admin/layout.tsx
2:54  Error: 'LogOut' is defined but never used.  
@typescript-eslint/no-unused-vars

./app/admin/leads/page.tsx
69:85  Error: `'` can be escaped with `&apos;`, 
`&lsquo;`, `&#39;`, `&rsquo;`.  
react/no-unescaped-entities
69:91  Error: `'` can be escaped with `&apos;`, 
`&lsquo;`, `&#39;`, `&rsquo;`.  
react/no-unescaped-entities

./app/admin/page.tsx
4:10  Error: 'supabase' is defined but never used.  
@typescript-eslint/no-unused-vars
6:17  Error: 'MousePointerClick' is defined but never 
used.  @typescript-eslint/no-unused-vars
6:36  Error: 'Calendar' is defined but never used.  
@typescript-eslint/no-unused-vars
46:12  Error: 'uploading' is assigned a value but 
never used.  @typescript-eslint/no-unused-vars
46:23  Error: 'setUploading' is assigned a value but 
never used.  @typescript-eslint/no-unused-vars
284:45  Warning: Using `<img>` could result in slower 
LCP and higher bandwidth. Consider using `<Image />` 
from `next/image` to automatically optimize images. 
This may incur additional usage or cost from your 
provider. See: 
https://nextjs.org/docs/messages/no-img-element  
@next/next/no-img-element

info  - Need to disable some ESLint rules? Learn more 
here: https://nextjs.org/docs/basic-features/eslint#dis
abling-rules
